// Jest Snapshot v1, https://goo.gl/fbAQLP

exports[`<SingleTool/> Errors with a not found tool 1`] = `
<p
  data-test="graphql-error"
>
  <strong>
    Oups!
  </strong>
  Tools Not Found!
</p>
`;

exports[`<SingleTool/> renders with proper data 1`] = `null`;

exports[`<SingleTool/> renders with proper data 2`] = `null`;

exports[`<SingleTool/> renders with proper data 3`] = `
<p>
  No Tool Found for 
  123
</p>
`;
