// Jest Snapshot v1, https://goo.gl/fbAQLP

exports[`<SingleTool/> Errors with a not found tool 1`] = `
<p
  data-test="graphql-error"
>
  <strong>
    Oups!
  </strong>
  Tools Not Found!
</p>
`;

exports[`<SingleTool/> renders with proper data 1`] = `
<h2>
  Viewing 
  dogs are best
</h2>
`;

exports[`<SingleTool/> renders with proper data 2`] = `
<img
  alt="dogs are best"
  src="dog.jpg"
/>
`;

exports[`<SingleTool/> renders with proper data 3`] = `
Array [
  <p />,
  <p>
    dogs
  </p>,
  <p>
    www.remotelix.com/tool/nikos
  </p>,
]
`;
